[2m23:37:38[22m [34m[content][39m Syncing content
[2m23:37:38[22m [34m[content][39m Synced content
[2m23:37:38[22m [34m[types][39m Generated [2m95ms[22m
[2m23:37:38[22m [34m[check][39m Getting diagnostics for Astro files in C:\Users\Safak\.gemini\antigravity\scratch\sanper-vision-astro...
[96maudit_images.js[0m:[93m24[0m:[93m5[0m - [93mwarning[0m[90m ts(6133): [0m'missingCount' is declared but its value is never read.

[7m24[0m let missingCount = 0;
[7m  [0m [93m    ~~~~~~~~~~~~[0m
[96maudit_images.js[0m:[93m1[0m:[93m12[0m - [93mwarning[0m[90m ts(80001): [0mFile is a CommonJS module; it may be converted to an ES module.

[7m1[0m const fs = require('fs');
[7m [0m [93m           ~~~~~~~~~~~~~[0m

[96mscripts/asset-factory.cjs[0m:[93m14[0m:[93m25[0m - [93mwarning[0m[90m ts(6133): [0m'productKey' is declared but its value is never read.

[7m14[0m function generatePrompt(productKey, product, location) {
[7m  [0m [93m                        ~~~~~~~~~~[0m
[96mscripts/asset-factory.cjs[0m:[93m7[0m:[93m7[0m - [93mwarning[0m[90m ts(6133): [0m'outputDir' is declared but its value is never read.

[7m7[0m const outputDir = path.join(__dirname, '../public/assets/generated_placeholders');
[7m [0m [93m      ~~~~~~~~~[0m

[96msrc/components/configurator/steps/StepExtras.tsx[0m:[93m2[0m:[93m1[0m - [93mwarning[0m[90m ts(6133): [0m'Label' is declared but its value is never read.

[7m2[0m import { Label } from "@/components/ui/label";
[7m [0m [93m~~~~~~~~~~~~~~~~~~~~~~~~~~~~~~~~~~~~~~~~~~~~~~[0m

[96msrc/components/configurator/steps/StepType.tsx[0m:[93m1[0m:[93m1[0m - [93mwarning[0m[90m ts(6133): [0m'Label' is declared but its value is never read.

[7m1[0m import { Label } from "@/components/ui/label";
[7m [0m [93m~~~~~~~~~~~~~~~~~~~~~~~~~~~~~~~~~~~~~~~~~~~~~~[0m

[96msrc/components/pages/UeberUnsView.tsx[0m:[93m4[0m:[93m1[0m - [93mwarning[0m[90m ts(6133): [0m'Footer' is declared but its value is never read.

[7m4[0m import Footer from "@/components/layout/Footer";
[7m [0m [93m~~~~~~~~~~~~~~~~~~~~~~~~~~~~~~~~~~~~~~~~~~~~~~~~[0m

[96msrc/components/ui/accordion.tsx[0m:[93m38[0m:[93m9[0m - [93mwarning[0m[90m ts(6385): [0m'ElementRef' is deprecated.

[7m38[0m   React.ElementRef<typeof AccordionPrimitive.Content>,
[7m  [0m [93m        ~~~~~~~~~~[0m
[96msrc/components/ui/accordion.tsx[0m:[93m18[0m:[93m9[0m - [93mwarning[0m[90m ts(6385): [0m'ElementRef' is deprecated.

[7m18[0m   React.ElementRef<typeof AccordionPrimitive.Trigger>,
[7m  [0m [93m        ~~~~~~~~~~[0m
[96msrc/components/ui/accordion.tsx[0m:[93m10[0m:[93m9[0m - [93mwarning[0m[90m ts(6385): [0m'ElementRef' is deprecated.

[7m10[0m   React.ElementRef<typeof AccordionPrimitive.Item>,
[7m  [0m [93m        ~~~~~~~~~~[0m

[96msrc/components/ui/alert-dialog.tsx[0m:[93m81[0m:[93m9[0m - [93mwarning[0m[90m ts(6385): [0m'ElementRef' is deprecated.

[7m81[0m   React.ElementRef<typeof AlertDialogPrimitive.Cancel>,
[7m  [0m [93m        ~~~~~~~~~~[0m
[96msrc/components/ui/alert-dialog.tsx[0m:[93m73[0m:[93m9[0m - [93mwarning[0m[90m ts(6385): [0m'ElementRef' is deprecated.

[7m73[0m   React.ElementRef<typeof AlertDialogPrimitive.Action>,
[7m  [0m [93m        ~~~~~~~~~~[0m
[96msrc/components/ui/alert-dialog.tsx[0m:[93m65[0m:[93m9[0m - [93mwarning[0m[90m ts(6385): [0m'ElementRef' is deprecated.

[7m65[0m   React.ElementRef<typeof AlertDialogPrimitive.Description>,
[7m  [0m [93m        ~~~~~~~~~~[0m
[96msrc/components/ui/alert-dialog.tsx[0m:[93m57[0m:[93m9[0m - [93mwarning[0m[90m ts(6385): [0m'ElementRef' is deprecated.

[7m57[0m   React.ElementRef<typeof AlertDialogPrimitive.Title>,
[7m  [0m [93m        ~~~~~~~~~~[0m
[96msrc/components/ui/alert-dialog.tsx[0m:[93m29[0m:[93m9[0m - [93mwarning[0m[90m ts(6385): [0m'ElementRef' is deprecated.

[7m29[0m   React.ElementRef<typeof AlertDialogPrimitive.Content>,
[7m  [0m [93m        ~~~~~~~~~~[0m
[96msrc/components/ui/alert-dialog.tsx[0m:[93m14[0m:[93m9[0m - [93mwarning[0m[90m ts(6385): [0m'ElementRef' is deprecated.

[7m14[0m   React.ElementRef<typeof AlertDialogPrimitive.Overlay>,
[7m  [0m [93m        ~~~~~~~~~~[0m

[96msrc/components/ui/avatar.tsx[0m:[93m27[0m:[93m9[0m - [93mwarning[0m[90m ts(6385): [0m'ElementRef' is deprecated.

[7m27[0m   React.ElementRef<typeof AvatarPrimitive.Fallback>,
[7m  [0m [93m        ~~~~~~~~~~[0m
[96msrc/components/ui/avatar.tsx[0m:[93m19[0m:[93m9[0m - [93mwarning[0m[90m ts(6385): [0m'ElementRef' is deprecated.

[7m19[0m   React.ElementRef<typeof AvatarPrimitive.Image>,
[7m  [0m [93m        ~~~~~~~~~~[0m
[96msrc/components/ui/avatar.tsx[0m:[93m7[0m:[93m9[0m - [93mwarning[0m[90m ts(6385): [0m'ElementRef' is deprecated.

[7m7[0m   React.ElementRef<typeof AvatarPrimitive.Root>,
[7m [0m [93m        ~~~~~~~~~~[0m

[96msrc/components/ui/calendar.tsx[0m:[93m45[0m:[93m9[0m - [91merror[0m[90m ts(2353): [0mObject literal may only specify known properties, and 'IconLeft' does not exist in type 'Partial<CustomComponents>'.

[7m45[0m         IconLeft: ({ ..._props }) => <ChevronLeft className="h-4 w-4" />,
[7m  [0m [91m        ~~~~~~~~[0m
[96msrc/components/ui/calendar.tsx[0m:[93m46[0m:[93m21[0m - [93mwarning[0m[90m ts(6133): [0m'_props' is declared but its value is never read.

[7m46[0m         IconRight: ({ ..._props }) => <ChevronRight className="h-4 w-4" />,
[7m  [0m [93m                    ~~~~~~~~~~~~~[0m
[96msrc/components/ui/calendar.tsx[0m:[93m45[0m:[93m20[0m - [93mwarning[0m[90m ts(6133): [0m'_props' is declared but its value is never read.

[7m45[0m         IconLeft: ({ ..._props }) => <ChevronLeft className="h-4 w-4" />,
[7m  [0m [93m                   ~~~~~~~~~~~~~[0m

[96msrc/components/ui/chart.tsx[0m:[93m249[0m:[93m21[0m - [91merror[0m[90m ts(7006): [0mParameter 'item' implicitly has an 'any' type.

[7m249[0m       {payload.map((item) => {
[7m   [0m [91m                    ~~~~[0m
[96msrc/components/ui/chart.tsx[0m:[93m249[0m:[93m16[0m - [91merror[0m[90m ts(2339): [0mProperty 'map' does not exist on type '{}'.

[7m249[0m       {payload.map((item) => {
[7m   [0m [91m               ~~~[0m
[96msrc/components/ui/chart.tsx[0m:[93m240[0m:[93m17[0m - [91merror[0m[90m ts(2339): [0mProperty 'length' does not exist on type '{}'.

[7m240[0m   if (!payload?.length) {
[7m   [0m [91m                ~~~~~~[0m
[96msrc/components/ui/chart.tsx[0m:[93m233[0m:[93m41[0m - [91merror[0m[90m ts(2344): [0mType '"verticalAlign" | "payload"' does not satisfy the constraint '"string" | "transform" | "media" | "spacing" | "filter" | "fill" | "values" | "key" | "children" | "id" | "style" | "clipPath" | "mask" | "path" | "suppressHydrationWarning" | ... 431 more ... | "onBBoxUpdate"'.
  Type '"payload"' is not assignable to type '"string" | "transform" | "media" | "spacing" | "filter" | "fill" | "values" | "key" | "children" | "id" | "style" | "clipPath" | "mask" | "path" | "suppressHydrationWarning" | ... 431 more ... | "onBBoxUpdate"'.

[7m233[0m     Pick<RechartsPrimitive.LegendProps, "payload" | "verticalAlign"> & {
[7m   [0m [91m                                        ~~~~~~~~~~~~~~~~~~~~~~~~~~~[0m
[96msrc/components/ui/chart.tsx[0m:[93m163[0m:[93m31[0m - [91merror[0m[90m ts(7006): [0mParameter 'index' implicitly has an 'any' type.

[7m163[0m           {payload.map((item, index) => {
[7m   [0m [91m                              ~~~~~[0m
[96msrc/components/ui/chart.tsx[0m:[93m163[0m:[93m25[0m - [91merror[0m[90m ts(7006): [0mParameter 'item' implicitly has an 'any' type.

[7m163[0m           {payload.map((item, index) => {
[7m   [0m [91m                        ~~~~[0m
[96msrc/components/ui/chart.tsx[0m:[93m111[0m:[93m7[0m - [91merror[0m[90m ts(2339): [0mProperty 'label' does not exist on type 'Omit<Omit<Props<ValueType, NameType>, PropertiesReadFromContext> & { active?: boolean | undefined; allowEscapeViewBox?: AllowInDimension | undefined; ... 17 more ...; wrapperStyle?: CSSProperties | undefined; } & ClassAttributes<...> & HTMLAttributes<...> & { ...; }, "ref">'.

[7m111[0m       label,
[7m   [0m [91m      ~~~~~[0m
[96msrc/components/ui/chart.tsx[0m:[93m106[0m:[93m7[0m - [91merror[0m[90m ts(2339): [0mProperty 'payload' does not exist on type 'Omit<Omit<Props<ValueType, NameType>, PropertiesReadFromContext> & { active?: boolean | undefined; allowEscapeViewBox?: AllowInDimension | undefined; ... 17 more ...; wrapperStyle?: CSSProperties | undefined; } & ClassAttributes<...> & HTMLAttributes<...> & { ...; }, "ref">'.

[7m106[0m       payload,
[7m   [0m [91m      ~~~~~~~[0m

[96msrc/components/ui/checkbox.tsx[0m:[93m8[0m:[93m9[0m - [93mwarning[0m[90m ts(6385): [0m'ElementRef' is deprecated.

[7m8[0m   React.ElementRef<typeof CheckboxPrimitive.Root>,
[7m [0m [93m        ~~~~~~~~~~[0m

[96msrc/components/ui/command.tsx[0m:[93m102[0m:[93m9[0m - [93mwarning[0m[90m ts(6385): [0m'ElementRef' is deprecated.

[7m102[0m   React.ElementRef<typeof CommandPrimitive.Item>,
[7m   [0m [93m        ~~~~~~~~~~[0m
[96msrc/components/ui/command.tsx[0m:[93m94[0m:[93m9[0m - [93mwarning[0m[90m ts(6385): [0m'ElementRef' is deprecated.

[7m94[0m   React.ElementRef<typeof CommandPrimitive.Separator>,
[7m  [0m [93m        ~~~~~~~~~~[0m
[96msrc/components/ui/command.tsx[0m:[93m78[0m:[93m9[0m - [93mwarning[0m[90m ts(6385): [0m'ElementRef' is deprecated.

[7m78[0m   React.ElementRef<typeof CommandPrimitive.Group>,
[7m  [0m [93m        ~~~~~~~~~~[0m
[96msrc/components/ui/command.tsx[0m:[93m71[0m:[93m9[0m - [93mwarning[0m[90m ts(6385): [0m'ElementRef' is deprecated.

[7m71[0m   React.ElementRef<typeof CommandPrimitive.Empty>,
[7m  [0m [93m        ~~~~~~~~~~[0m
[96msrc/components/ui/command.tsx[0m:[93m58[0m:[93m9[0m - [93mwarning[0m[90m ts(6385): [0m'ElementRef' is deprecated.

[7m58[0m   React.ElementRef<typeof CommandPrimitive.List>,
[7m  [0m [93m        ~~~~~~~~~~[0m
[96msrc/components/ui/command.tsx[0m:[93m39[0m:[93m9[0m - [93mwarning[0m[90m ts(6385): [0m'ElementRef' is deprecated.

[7m39[0m   React.ElementRef<typeof CommandPrimitive.Input>,
[7m  [0m [93m        ~~~~~~~~~~[0m
[96msrc/components/ui/command.tsx[0m:[93m10[0m:[93m9[0m - [93mwarning[0m[90m ts(6385): [0m'ElementRef' is deprecated.

[7m10[0m   React.ElementRef<typeof CommandPrimitive>,
[7m  [0m [93m        ~~~~~~~~~~[0m

[96msrc/components/ui/context-menu.tsx[0m:[93m150[0m:[93m9[0m - [93mwarning[0m[90m ts(6385): [0m'ElementRef' is deprecated.

[7m150[0m   React.ElementRef<typeof ContextMenuPrimitive.Separator>,
[7m   [0m [93m        ~~~~~~~~~~[0m
[96msrc/components/ui/context-menu.tsx[0m:[93m136[0m:[93m9[0m - [93mwarning[0m[90m ts(6385): [0m'ElementRef' is deprecated.

[7m136[0m   React.ElementRef<typeof ContextMenuPrimitive.Label>,
[7m   [0m [93m        ~~~~~~~~~~[0m
[96msrc/components/ui/context-menu.tsx[0m:[93m114[0m:[93m9[0m - [93mwarning[0m[90m ts(6385): [0m'ElementRef' is deprecated.

[7m114[0m   React.ElementRef<typeof ContextMenuPrimitive.RadioItem>,
[7m   [0m [93m        ~~~~~~~~~~[0m
[96msrc/components/ui/context-menu.tsx[0m:[93m91[0m:[93m9[0m - [93mwarning[0m[90m ts(6385): [0m'ElementRef' is deprecated.

[7m91[0m   React.ElementRef<typeof ContextMenuPrimitive.CheckboxItem>,
[7m  [0m [93m        ~~~~~~~~~~[0m
[96msrc/components/ui/context-menu.tsx[0m:[93m73[0m:[93m9[0m - [93mwarning[0m[90m ts(6385): [0m'ElementRef' is deprecated.

[7m73[0m   React.ElementRef<typeof ContextMenuPrimitive.Item>,
[7m  [0m [93m        ~~~~~~~~~~[0m
[96msrc/components/ui/context-menu.tsx[0m:[93m56[0m:[93m9[0m - [93mwarning[0m[90m ts(6385): [0m'ElementRef' is deprecated.

[7m56[0m   React.ElementRef<typeof ContextMenuPrimitive.Content>,
[7m  [0m [93m        ~~~~~~~~~~[0m
[96msrc/components/ui/context-menu.tsx[0m:[93m41[0m:[93m9[0m - [93mwarning[0m[90m ts(6385): [0m'ElementRef' is deprecated.

[7m41[0m   React.ElementRef<typeof ContextMenuPrimitive.SubContent>,
[7m  [0m [93m        ~~~~~~~~~~[0m
[96msrc/components/ui/context-menu.tsx[0m:[93m20[0m:[93m9[0m - [93mwarning[0m[90m ts(6385): [0m'ElementRef' is deprecated.

[7m20[0m   React.ElementRef<typeof ContextMenuPrimitive.SubTrigger>,
[7m  [0m [93m        ~~~~~~~~~~[0m

[96msrc/components/ui/dialog.tsx[0m:[93m77[0m:[93m9[0m - [93mwarning[0m[90m ts(6385): [0m'ElementRef' is deprecated.

[7m77[0m   React.ElementRef<typeof DialogPrimitive.Description>,
[7m  [0m [93m        ~~~~~~~~~~[0m
[96msrc/components/ui/dialog.tsx[0m:[93m65[0m:[93m9[0m - [93mwarning[0m[90m ts(6385): [0m'ElementRef' is deprecated.

[7m65[0m   React.ElementRef<typeof DialogPrimitive.Title>,
[7m  [0m [93m        ~~~~~~~~~~[0m
[96msrc/components/ui/dialog.tsx[0m:[93m31[0m:[93m9[0m - [93mwarning[0m[90m ts(6385): [0m'ElementRef' is deprecated.

[7m31[0m   React.ElementRef<typeof DialogPrimitive.Content>,
[7m  [0m [93m        ~~~~~~~~~~[0m
[96msrc/components/ui/dialog.tsx[0m:[93m16[0m:[93m9[0m - [93mwarning[0m[90m ts(6385): [0m'ElementRef' is deprecated.

[7m16[0m   React.ElementRef<typeof DialogPrimitive.Overlay>,
[7m  [0m [93m        ~~~~~~~~~~[0m

[96msrc/components/ui/drawer.tsx[0m:[93m69[0m:[93m9[0m - [93mwarning[0m[90m ts(6385): [0m'ElementRef' is deprecated.

[7m69[0m   React.ElementRef<typeof DrawerPrimitive.Description>,
[7m  [0m [93m        ~~~~~~~~~~[0m
[96msrc/components/ui/drawer.tsx[0m:[93m57[0m:[93m9[0m - [93mwarning[0m[90m ts(6385): [0m'ElementRef' is deprecated.

[7m57[0m   React.ElementRef<typeof DrawerPrimitive.Title>,
[7m  [0m [93m        ~~~~~~~~~~[0m
[96msrc/components/ui/drawer.tsx[0m:[93m26[0m:[93m9[0m - [93mwarning[0m[90m ts(6385): [0m'ElementRef' is deprecated.

[7m26[0m   React.ElementRef<typeof DrawerPrimitive.Content>,
[7m  [0m [93m        ~~~~~~~~~~[0m
[96msrc/components/ui/drawer.tsx[0m:[93m18[0m:[93m9[0m - [93mwarning[0m[90m ts(6385): [0m'ElementRef' is deprecated.

[7m18[0m   React.ElementRef<typeof DrawerPrimitive.Overlay>,
[7m  [0m [93m        ~~~~~~~~~~[0m

[96msrc/components/ui/dropdown-menu.tsx[0m:[93m151[0m:[93m9[0m - [93mwarning[0m[90m ts(6385): [0m'ElementRef' is deprecated.

[7m151[0m   React.ElementRef<typeof DropdownMenuPrimitive.Separator>,
[7m   [0m [93m        ~~~~~~~~~~[0m
[96msrc/components/ui/dropdown-menu.tsx[0m:[93m137[0m:[93m9[0m - [93mwarning[0m[90m ts(6385): [0m'ElementRef' is deprecated.

[7m137[0m   React.ElementRef<typeof DropdownMenuPrimitive.Label>,
[7m   [0m [93m        ~~~~~~~~~~[0m
[96msrc/components/ui/dropdown-menu.tsx[0m:[93m115[0m:[93m9[0m - [93mwarning[0m[90m ts(6385): [0m'ElementRef' is deprecated.

[7m115[0m   React.ElementRef<typeof DropdownMenuPrimitive.RadioItem>,
[7m   [0m [93m        ~~~~~~~~~~[0m
[96msrc/components/ui/dropdown-menu.tsx[0m:[93m92[0m:[93m9[0m - [93mwarning[0m[90m ts(6385): [0m'ElementRef' is deprecated.

[7m92[0m   React.ElementRef<typeof DropdownMenuPrimitive.CheckboxItem>,
[7m  [0m [93m        ~~~~~~~~~~[0m
[96msrc/components/ui/dropdown-menu.tsx[0m:[93m74[0m:[93m9[0m - [93mwarning[0m[90m ts(6385): [0m'ElementRef' is deprecated.

[7m74[0m   React.ElementRef<typeof DropdownMenuPrimitive.Item>,
[7m  [0m [93m        ~~~~~~~~~~[0m
[96msrc/components/ui/dropdown-menu.tsx[0m:[93m56[0m:[93m9[0m - [93mwarning[0m[90m ts(6385): [0m'ElementRef' is deprecated.

[7m56[0m   React.ElementRef<typeof DropdownMenuPrimitive.Content>,
[7m  [0m [93m        ~~~~~~~~~~[0m
[96msrc/components/ui/dropdown-menu.tsx[0m:[93m41[0m:[93m9[0m - [93mwarning[0m[90m ts(6385): [0m'ElementRef' is deprecated.

[7m41[0m   React.ElementRef<typeof DropdownMenuPrimitive.SubContent>,
[7m  [0m [93m        ~~~~~~~~~~[0m
[96msrc/components/ui/dropdown-menu.tsx[0m:[93m20[0m:[93m9[0m - [93mwarning[0m[90m ts(6385): [0m'ElementRef' is deprecated.

[7m20[0m   React.ElementRef<typeof DropdownMenuPrimitive.SubTrigger>,
[7m  [0m [93m        ~~~~~~~~~~[0m

[96msrc/components/ui/form.tsx[0m:[93m4[0m:[93m50[0m - [91merror[0m[90m ts(1484): [0m'FieldValues' is a type and must be imported using a type-only import when 'verbatimModuleSyntax' is enabled.

[7m4[0m import { Controller, ControllerProps, FieldPath, FieldValues, FormProvider, useFormContext } from "react-hook-form";
[7m [0m [91m                                                 ~~~~~~~~~~~[0m
[96msrc/components/ui/form.tsx[0m:[93m4[0m:[93m39[0m - [91merror[0m[90m ts(1484): [0m'FieldPath' is a type and must be imported using a type-only import when 'verbatimModuleSyntax' is enabled.

[7m4[0m import { Controller, ControllerProps, FieldPath, FieldValues, FormProvider, useFormContext } from "react-hook-form";
[7m [0m [91m                                      ~~~~~~~~~[0m
[96msrc/components/ui/form.tsx[0m:[93m4[0m:[93m22[0m - [91merror[0m[90m ts(1484): [0m'ControllerProps' is a type and must be imported using a type-only import when 'verbatimModuleSyntax' is enabled.

[7m4[0m import { Controller, ControllerProps, FieldPath, FieldValues, FormProvider, useFormContext } from "react-hook-form";
[7m [0m [91m                     ~~~~~~~~~~~~~~~[0m
[96msrc/components/ui/form.tsx[0m:[93m85[0m:[93m44[0m - [93mwarning[0m[90m ts(6385): [0m'ElementRef' is deprecated.

[7m85[0m const FormControl = React.forwardRef<React.ElementRef<typeof Slot>, React.ComponentPropsWithoutRef<typeof Slot>>(
[7m  [0m [93m                                           ~~~~~~~~~~[0m
[96msrc/components/ui/form.tsx[0m:[93m76[0m:[93m9[0m - [93mwarning[0m[90m ts(6385): [0m'ElementRef' is deprecated.

[7m76[0m   React.ElementRef<typeof LabelPrimitive.Root>,
[7m  [0m [93m        ~~~~~~~~~~[0m

[96msrc/components/ui/hover-card.tsx[0m:[93m11[0m:[93m9[0m - [93mwarning[0m[90m ts(6385): [0m'ElementRef' is deprecated.

[7m11[0m   React.ElementRef<typeof HoverCardPrimitive.Content>,
[7m  [0m [93m        ~~~~~~~~~~[0m

[96msrc/components/ui/input-otp.tsx[0m:[93m52[0m:[93m50[0m - [93mwarning[0m[90m ts(6385): [0m'ElementRef' is deprecated.

[7m52[0m const InputOTPSeparator = React.forwardRef<React.ElementRef<"div">, React.ComponentPropsWithoutRef<"div">>(
[7m  [0m [93m                                                 ~~~~~~~~~~[0m
[96msrc/components/ui/input-otp.tsx[0m:[93m25[0m:[93m9[0m - [93mwarning[0m[90m ts(6385): [0m'ElementRef' is deprecated.

[7m25[0m   React.ElementRef<"div">,
[7m  [0m [93m        ~~~~~~~~~~[0m
[96msrc/components/ui/input-otp.tsx[0m:[93m19[0m:[93m46[0m - [93mwarning[0m[90m ts(6385): [0m'ElementRef' is deprecated.

[7m19[0m const InputOTPGroup = React.forwardRef<React.ElementRef<"div">, React.ComponentPropsWithoutRef<"div">>(
[7m  [0m [93m                                             ~~~~~~~~~~[0m
[96msrc/components/ui/input-otp.tsx[0m:[93m7[0m:[93m41[0m - [93mwarning[0m[90m ts(6385): [0m'ElementRef' is deprecated.

[7m7[0m const InputOTP = React.forwardRef<React.ElementRef<typeof OTPInput>, React.ComponentPropsWithoutRef<typeof OTPInput>>(
[7m [0m [93m                                        ~~~~~~~~~~[0m

[96msrc/components/ui/label.tsx[0m:[93m10[0m:[93m9[0m - [93mwarning[0m[90m ts(6385): [0m'ElementRef' is deprecated.

[7m10[0m   React.ElementRef<typeof LabelPrimitive.Root>,
[7m  [0m [93m        ~~~~~~~~~~[0m

[96msrc/components/ui/menubar.tsx[0m:[93m178[0m:[93m9[0m - [93mwarning[0m[90m ts(6385): [0m'ElementRef' is deprecated.

[7m178[0m   React.ElementRef<typeof MenubarPrimitive.Separator>,
[7m   [0m [93m        ~~~~~~~~~~[0m
[96msrc/components/ui/menubar.tsx[0m:[93m164[0m:[93m9[0m - [93mwarning[0m[90m ts(6385): [0m'ElementRef' is deprecated.

[7m164[0m   React.ElementRef<typeof MenubarPrimitive.Label>,
[7m   [0m [93m        ~~~~~~~~~~[0m
[96msrc/components/ui/menubar.tsx[0m:[93m142[0m:[93m9[0m - [93mwarning[0m[90m ts(6385): [0m'ElementRef' is deprecated.

[7m142[0m   React.ElementRef<typeof MenubarPrimitive.RadioItem>,
[7m   [0m [93m        ~~~~~~~~~~[0m
[96msrc/components/ui/menubar.tsx[0m:[93m119[0m:[93m9[0m - [93mwarning[0m[90m ts(6385): [0m'ElementRef' is deprecated.

[7m119[0m   React.ElementRef<typeof MenubarPrimitive.CheckboxItem>,
[7m   [0m [93m        ~~~~~~~~~~[0m
[96msrc/components/ui/menubar.tsx[0m:[93m101[0m:[93m9[0m - [93mwarning[0m[90m ts(6385): [0m'ElementRef' is deprecated.

[7m101[0m   React.ElementRef<typeof MenubarPrimitive.Item>,
[7m   [0m [93m        ~~~~~~~~~~[0m
[96msrc/components/ui/menubar.tsx[0m:[93m81[0m:[93m9[0m - [93mwarning[0m[90m ts(6385): [0m'ElementRef' is deprecated.

[7m81[0m   React.ElementRef<typeof MenubarPrimitive.Content>,
[7m  [0m [93m        ~~~~~~~~~~[0m
[96msrc/components/ui/menubar.tsx[0m:[93m66[0m:[93m9[0m - [93mwarning[0m[90m ts(6385): [0m'ElementRef' is deprecated.

[7m66[0m   React.ElementRef<typeof MenubarPrimitive.SubContent>,
[7m  [0m [93m        ~~~~~~~~~~[0m
[96msrc/components/ui/menubar.tsx[0m:[93m45[0m:[93m9[0m - [93mwarning[0m[90m ts(6385): [0m'ElementRef' is deprecated.

[7m45[0m   React.ElementRef<typeof MenubarPrimitive.SubTrigger>,
[7m  [0m [93m        ~~~~~~~~~~[0m
[96msrc/components/ui/menubar.tsx[0m:[93m30[0m:[93m9[0m - [93mwarning[0m[90m ts(6385): [0m'ElementRef' is deprecated.

[7m30[0m   React.ElementRef<typeof MenubarPrimitive.Trigger>,
[7m  [0m [93m        ~~~~~~~~~~[0m
[96msrc/components/ui/menubar.tsx[0m:[93m18[0m:[93m9[0m - [93mwarning[0m[90m ts(6385): [0m'ElementRef' is deprecated.

[7m18[0m   React.ElementRef<typeof MenubarPrimitive.Root>,
[7m  [0m [93m        ~~~~~~~~~~[0m

[96msrc/components/ui/navigation-menu.tsx[0m:[93m94[0m:[93m9[0m - [93mwarning[0m[90m ts(6385): [0m'ElementRef' is deprecated.

[7m94[0m   React.ElementRef<typeof NavigationMenuPrimitive.Indicator>,
[7m  [0m [93m        ~~~~~~~~~~[0m
[96msrc/components/ui/navigation-menu.tsx[0m:[93m77[0m:[93m9[0m - [93mwarning[0m[90m ts(6385): [0m'ElementRef' is deprecated.

[7m77[0m   React.ElementRef<typeof NavigationMenuPrimitive.Viewport>,
[7m  [0m [93m        ~~~~~~~~~~[0m
[96msrc/components/ui/navigation-menu.tsx[0m:[93m60[0m:[93m9[0m - [93mwarning[0m[90m ts(6385): [0m'ElementRef' is deprecated.

[7m60[0m   React.ElementRef<typeof NavigationMenuPrimitive.Content>,
[7m  [0m [93m        ~~~~~~~~~~[0m
[96msrc/components/ui/navigation-menu.tsx[0m:[93m42[0m:[93m9[0m - [93mwarning[0m[90m ts(6385): [0m'ElementRef' is deprecated.

[7m42[0m   React.ElementRef<typeof NavigationMenuPrimitive.Trigger>,
[7m  [0m [93m        ~~~~~~~~~~[0m
[96msrc/components/ui/navigation-menu.tsx[0m:[93m24[0m:[93m9[0m - [93mwarning[0m[90m ts(6385): [0m'ElementRef' is deprecated.

[7m24[0m   React.ElementRef<typeof NavigationMenuPrimitive.List>,
[7m  [0m [93m        ~~~~~~~~~~[0m
[96msrc/components/ui/navigation-menu.tsx[0m:[93m9[0m:[93m9[0m - [93mwarning[0m[90m ts(6385): [0m'ElementRef' is deprecated.

[7m9[0m   React.ElementRef<typeof NavigationMenuPrimitive.Root>,
[7m [0m [93m        ~~~~~~~~~~[0m

[96msrc/components/ui/pagination.tsx[0m:[93m5[0m:[93m10[0m - [91merror[0m[90m ts(1484): [0m'ButtonProps' is a type and must be imported using a type-only import when 'verbatimModuleSyntax' is enabled.

[7m5[0m import { ButtonProps, buttonVariants } from "@/components/ui/button";
[7m [0m [91m         ~~~~~~~~~~~[0m

[96msrc/components/ui/popover.tsx[0m:[93m11[0m:[93m9[0m - [93mwarning[0m[90m ts(6385): [0m'ElementRef' is deprecated.

[7m11[0m   React.ElementRef<typeof PopoverPrimitive.Content>,
[7m  [0m [93m        ~~~~~~~~~~[0m

[96msrc/components/ui/progress.tsx[0m:[93m7[0m:[93m9[0m - [93mwarning[0m[90m ts(6385): [0m'ElementRef' is deprecated.

[7m7[0m   React.ElementRef<typeof ProgressPrimitive.Root>,
[7m [0m [93m        ~~~~~~~~~~[0m

[96msrc/components/ui/radio-group.tsx[0m:[93m16[0m:[93m9[0m - [93mwarning[0m[90m ts(6385): [0m'ElementRef' is deprecated.

[7m16[0m   React.ElementRef<typeof RadioGroupPrimitive.Item>,
[7m  [0m [93m        ~~~~~~~~~~[0m
[96msrc/components/ui/radio-group.tsx[0m:[93m8[0m:[93m9[0m - [93mwarning[0m[90m ts(6385): [0m'ElementRef' is deprecated.

[7m8[0m   React.ElementRef<typeof RadioGroupPrimitive.Root>,
[7m [0m [93m        ~~~~~~~~~~[0m

[96msrc/components/ui/resizable.tsx[0m:[93m34[0m:[93m24[0m - [91merror[0m[90m ts(2339): [0mProperty 'PanelResizeHandle' does not exist on type 'typeof import("C:/Users/Safak/.gemini/antigravity/scratch/sanper-vision-astro/node_modules/react-resizable-panels/dist/react-resizable-panels")'.

[7m34[0m   </ResizablePrimitive.PanelResizeHandle>
[7m  [0m [91m                       ~~~~~~~~~~~~~~~~~[0m
[96msrc/components/ui/resizable.tsx[0m:[93m22[0m:[93m23[0m - [91merror[0m[90m ts(2339): [0mProperty 'PanelResizeHandle' does not exist on type 'typeof import("C:/Users/Safak/.gemini/antigravity/scratch/sanper-vision-astro/node_modules/react-resizable-panels/dist/react-resizable-panels")'.

[7m22[0m   <ResizablePrimitive.PanelResizeHandle
[7m  [0m [91m                      ~~~~~~~~~~~~~~~~~[0m
[96msrc/components/ui/resizable.tsx[0m:[93m19[0m:[93m51[0m - [91merror[0m[90m ts(2339): [0mProperty 'PanelResizeHandle' does not exist on type 'typeof import("C:/Users/Safak/.gemini/antigravity/scratch/sanper-vision-astro/node_modules/react-resizable-panels/dist/react-resizable-panels")'.

[7m19[0m }: React.ComponentProps<typeof ResizablePrimitive.PanelResizeHandle> & {
[7m  [0m [91m                                                  ~~~~~~~~~~~~~~~~~[0m
[96msrc/components/ui/resizable.tsx[0m:[93m7[0m:[93m23[0m - [91merror[0m[90m ts(2339): [0mProperty 'PanelGroup' does not exist on type 'typeof import("C:/Users/Safak/.gemini/antigravity/scratch/sanper-vision-astro/node_modules/react-resizable-panels/dist/react-resizable-panels")'.

[7m7[0m   <ResizablePrimitive.PanelGroup
[7m [0m [91m                      ~~~~~~~~~~[0m
[96msrc/components/ui/resizable.tsx[0m:[93m6[0m:[93m102[0m - [91merror[0m[90m ts(2339): [0mProperty 'PanelGroup' does not exist on type 'typeof import("C:/Users/Safak/.gemini/antigravity/scratch/sanper-vision-astro/node_modules/react-resizable-panels/dist/react-resizable-panels")'.

[7m6[0m const ResizablePanelGroup = ({ className, ...props }: React.ComponentProps<typeof ResizablePrimitive.PanelGroup>) => (
[7m [0m [91m                                                                                                     ~~~~~~~~~~[0m

[96msrc/components/ui/scroll-area.tsx[0m:[93m19[0m:[93m9[0m - [93mwarning[0m[90m ts(6385): [0m'ElementRef' is deprecated.

[7m19[0m   React.ElementRef<typeof ScrollAreaPrimitive.ScrollAreaScrollbar>,
[7m  [0m [93m        ~~~~~~~~~~[0m
[96msrc/components/ui/scroll-area.tsx[0m:[93m7[0m:[93m9[0m - [93mwarning[0m[90m ts(6385): [0m'ElementRef' is deprecated.

[7m7[0m   React.ElementRef<typeof ScrollAreaPrimitive.Root>,
[7m [0m [93m        ~~~~~~~~~~[0m

[96msrc/components/ui/select.tsx[0m:[93m125[0m:[93m9[0m - [93mwarning[0m[90m ts(6385): [0m'ElementRef' is deprecated.

[7m125[0m   React.ElementRef<typeof SelectPrimitive.Separator>,
[7m   [0m [93m        ~~~~~~~~~~[0m
[96msrc/components/ui/select.tsx[0m:[93m102[0m:[93m9[0m - [93mwarning[0m[90m ts(6385): [0m'ElementRef' is deprecated.

[7m102[0m   React.ElementRef<typeof SelectPrimitive.Item>,
[7m   [0m [93m        ~~~~~~~~~~[0m
[96msrc/components/ui/select.tsx[0m:[93m94[0m:[93m9[0m - [93mwarning[0m[90m ts(6385): [0m'ElementRef' is deprecated.

[7m94[0m   React.ElementRef<typeof SelectPrimitive.Label>,
[7m  [0m [93m        ~~~~~~~~~~[0m
[96msrc/components/ui/select.tsx[0m:[93m62[0m:[93m9[0m - [93mwarning[0m[90m ts(6385): [0m'ElementRef' is deprecated.

[7m62[0m   React.ElementRef<typeof SelectPrimitive.Content>,
[7m  [0m [93m        ~~~~~~~~~~[0m
[96msrc/components/ui/select.tsx[0m:[93m48[0m:[93m9[0m - [93mwarning[0m[90m ts(6385): [0m'ElementRef' is deprecated.

[7m48[0m   React.ElementRef<typeof SelectPrimitive.ScrollDownButton>,
[7m  [0m [93m        ~~~~~~~~~~[0m
[96msrc/components/ui/select.tsx[0m:[93m34[0m:[93m9[0m - [93mwarning[0m[90m ts(6385): [0m'ElementRef' is deprecated.

[7m34[0m   React.ElementRef<typeof SelectPrimitive.ScrollUpButton>,
[7m  [0m [93m        ~~~~~~~~~~[0m
[96msrc/components/ui/select.tsx[0m:[93m14[0m:[93m9[0m - [93mwarning[0m[90m ts(6385): [0m'ElementRef' is deprecated.

[7m14[0m   React.ElementRef<typeof SelectPrimitive.Trigger>,
[7m  [0m [93m        ~~~~~~~~~~[0m

[96msrc/components/ui/separator.tsx[0m:[93m7[0m:[93m9[0m - [93mwarning[0m[90m ts(6385): [0m'ElementRef' is deprecated.

[7m7[0m   React.ElementRef<typeof SeparatorPrimitive.Root>,
[7m [0m [93m        ~~~~~~~~~~[0m

[96msrc/components/ui/sheet.tsx[0m:[93m89[0m:[93m9[0m - [93mwarning[0m[90m ts(6385): [0m'ElementRef' is deprecated.

[7m89[0m   React.ElementRef<typeof SheetPrimitive.Description>,
[7m  [0m [93m        ~~~~~~~~~~[0m
[96msrc/components/ui/sheet.tsx[0m:[93m81[0m:[93m9[0m - [93mwarning[0m[90m ts(6385): [0m'ElementRef' is deprecated.

[7m81[0m   React.ElementRef<typeof SheetPrimitive.Title>,
[7m  [0m [93m        ~~~~~~~~~~[0m
[96msrc/components/ui/sheet.tsx[0m:[93m54[0m:[93m45[0m - [93mwarning[0m[90m ts(6385): [0m'ElementRef' is deprecated.

[7m54[0m const SheetContent = React.forwardRef<React.ElementRef<typeof SheetPrimitive.Content>, SheetContentProps>(
[7m  [0m [93m                                            ~~~~~~~~~~[0m
[96msrc/components/ui/sheet.tsx[0m:[93m17[0m:[93m9[0m - [93mwarning[0m[90m ts(6385): [0m'ElementRef' is deprecated.

[7m17[0m   React.ElementRef<typeof SheetPrimitive.Overlay>,
[7m  [0m [93m        ~~~~~~~~~~[0m

[96msrc/components/ui/sidebar.tsx[0m:[93m3[0m:[93m10[0m - [91merror[0m[90m ts(1484): [0m'VariantProps' is a type and must be imported using a type-only import when 'verbatimModuleSyntax' is enabled.

[7m3[0m import { VariantProps, cva } from "class-variance-authority";
[7m [0m [91m         ~~~~~~~~~~~~[0m
[96msrc/components/ui/sidebar.tsx[0m:[93m314[0m:[93m49[0m - [93mwarning[0m[90m ts(6385): [0m'ElementRef' is deprecated.

[7m314[0m const SidebarSeparator = React.forwardRef<React.ElementRef<typeof Separator>, React.ComponentProps<typeof Separator>>(
[7m   [0m [93m                                                ~~~~~~~~~~[0m
[96msrc/components/ui/sidebar.tsx[0m:[93m287[0m:[93m45[0m - [93mwarning[0m[90m ts(6385): [0m'ElementRef' is deprecated.

[7m287[0m const SidebarInput = React.forwardRef<React.ElementRef<typeof Input>, React.ComponentProps<typeof Input>>(
[7m   [0m [93m                                            ~~~~~~~~~~[0m
[96msrc/components/ui/sidebar.tsx[0m:[93m219[0m:[93m47[0m - [93mwarning[0m[90m ts(6385): [0m'ElementRef' is deprecated.

[7m219[0m const SidebarTrigger = React.forwardRef<React.ElementRef<typeof Button>, React.ComponentProps<typeof Button>>(
[7m   [0m [93m                                              ~~~~~~~~~~[0m

[96msrc/components/ui/slider.tsx[0m:[93m7[0m:[93m9[0m - [93mwarning[0m[90m ts(6385): [0m'ElementRef' is deprecated.

[7m7[0m   React.ElementRef<typeof SliderPrimitive.Root>,
[7m [0m [93m        ~~~~~~~~~~[0m

[96msrc/components/ui/sonner.tsx[0m:[93m1[0m:[93m26[0m - [91merror[0m[90m ts(2307): [0mCannot find module 'next-themes' or its corresponding type declarations.

[7m1[0m import { useTheme } from "next-themes";
[7m [0m [91m                         ~~~~~~~~~~~~~[0m

[96msrc/components/ui/switch.tsx[0m:[93m7[0m:[93m9[0m - [93mwarning[0m[90m ts(6385): [0m'ElementRef' is deprecated.

[7m7[0m   React.ElementRef<typeof SwitchPrimitives.Root>,
[7m [0m [93m        ~~~~~~~~~~[0m

[96msrc/components/ui/tabs.tsx[0m:[93m39[0m:[93m9[0m - [93mwarning[0m[90m ts(6385): [0m'ElementRef' is deprecated.

[7m39[0m   React.ElementRef<typeof TabsPrimitive.Content>,
[7m  [0m [93m        ~~~~~~~~~~[0m
[96msrc/components/ui/tabs.tsx[0m:[93m24[0m:[93m9[0m - [93mwarning[0m[90m ts(6385): [0m'ElementRef' is deprecated.

[7m24[0m   React.ElementRef<typeof TabsPrimitive.Trigger>,
[7m  [0m [93m        ~~~~~~~~~~[0m
[96msrc/components/ui/tabs.tsx[0m:[93m9[0m:[93m9[0m - [93mwarning[0m[90m ts(6385): [0m'ElementRef' is deprecated.

[7m9[0m   React.ElementRef<typeof TabsPrimitive.List>,
[7m [0m [93m        ~~~~~~~~~~[0m

[96msrc/components/ui/toast.tsx[0m:[93m90[0m:[93m9[0m - [93mwarning[0m[90m ts(6385): [0m'ElementRef' is deprecated.

[7m90[0m   React.ElementRef<typeof ToastPrimitives.Description>,
[7m  [0m [93m        ~~~~~~~~~~[0m
[96msrc/components/ui/toast.tsx[0m:[93m82[0m:[93m9[0m - [93mwarning[0m[90m ts(6385): [0m'ElementRef' is deprecated.

[7m82[0m   React.ElementRef<typeof ToastPrimitives.Title>,
[7m  [0m [93m        ~~~~~~~~~~[0m
[96msrc/components/ui/toast.tsx[0m:[93m64[0m:[93m9[0m - [93mwarning[0m[90m ts(6385): [0m'ElementRef' is deprecated.

[7m64[0m   React.ElementRef<typeof ToastPrimitives.Close>,
[7m  [0m [93m        ~~~~~~~~~~[0m
[96msrc/components/ui/toast.tsx[0m:[93m49[0m:[93m9[0m - [93mwarning[0m[90m ts(6385): [0m'ElementRef' is deprecated.

[7m49[0m   React.ElementRef<typeof ToastPrimitives.Action>,
[7m  [0m [93m        ~~~~~~~~~~[0m
[96msrc/components/ui/toast.tsx[0m:[93m41[0m:[93m9[0m - [93mwarning[0m[90m ts(6385): [0m'ElementRef' is deprecated.

[7m41[0m   React.ElementRef<typeof ToastPrimitives.Root>,
[7m  [0m [93m        ~~~~~~~~~~[0m
[96msrc/components/ui/toast.tsx[0m:[93m11[0m:[93m9[0m - [93mwarning[0m[90m ts(6385): [0m'ElementRef' is deprecated.

[7m11[0m   React.ElementRef<typeof ToastPrimitives.Viewport>,
[7m  [0m [93m        ~~~~~~~~~~[0m

[96msrc/components/ui/toggle-group.tsx[0m:[93m25[0m:[93m9[0m - [93mwarning[0m[90m ts(6385): [0m'ElementRef' is deprecated.

[7m25[0m   React.ElementRef<typeof ToggleGroupPrimitive.Item>,
[7m  [0m [93m        ~~~~~~~~~~[0m
[96msrc/components/ui/toggle-group.tsx[0m:[93m14[0m:[93m9[0m - [93mwarning[0m[90m ts(6385): [0m'ElementRef' is deprecated.

[7m14[0m   React.ElementRef<typeof ToggleGroupPrimitive.Root>,
[7m  [0m [93m        ~~~~~~~~~~[0m

[96msrc/components/ui/toggle.tsx[0m:[93m29[0m:[93m9[0m - [93mwarning[0m[90m ts(6385): [0m'ElementRef' is deprecated.

[7m29[0m   React.ElementRef<typeof TogglePrimitive.Root>,
[7m  [0m [93m        ~~~~~~~~~~[0m

[96msrc/components/ui/tooltip.tsx[0m:[93m13[0m:[93m9[0m - [93mwarning[0m[90m ts(6385): [0m'ElementRef' is deprecated.

[7m13[0m   React.ElementRef<typeof TooltipPrimitive.Content>,
[7m  [0m [93m        ~~~~~~~~~~[0m

[96msrc/data/products.ts[0m:[93m2[0m:[93m7[0m - [93mwarning[0m[90m ts(6133): [0m'createSlug' is declared but its value is never read.

[7m2[0m const createSlug = (name: string): string => {
[7m [0m [93m      ~~~~~~~~~~[0m

[96msrc/layouts/LandingPageLayout.astro[0m:[93m65[0m:[93m13[0m - [93mwarning[0m[90m astro(4000): [0mThis script will be treated as if it has the `is:inline` directive because it contains an attribute. Therefore, features that require processing (e.g. using TypeScript or npm packages in the script) are unavailable.

See docs for more details: https://docs.astro.build/en/guides/client-side-scripts/#script-processing.

Add the `is:inline` directive explicitly to silence this hint.

[7m65[0m     <script type="application/ld+json" set:html={organizationSchema} />
[7m  [0m [93m            ~~~~[0m

[96msrc/layouts/Layout.astro[0m:[93m99[0m:[93m13[0m - [93mwarning[0m[90m astro(4000): [0mThis script will be treated as if it has the `is:inline` directive because it contains an attribute. Therefore, features that require processing (e.g. using TypeScript or npm packages in the script) are unavailable.

See docs for more details: https://docs.astro.build/en/guides/client-side-scripts/#script-processing.

Add the `is:inline` directive explicitly to silence this hint.

[7m99[0m     <script type="application/ld+json" set:html={websiteSchema} />
[7m  [0m [93m            ~~~~[0m
[96msrc/layouts/Layout.astro[0m:[93m98[0m:[93m13[0m - [93mwarning[0m[90m astro(4000): [0mThis script will be treated as if it has the `is:inline` directive because it contains an attribute. Therefore, features that require processing (e.g. using TypeScript or npm packages in the script) are unavailable.

See docs for more details: https://docs.astro.build/en/guides/client-side-scripts/#script-processing.

Add the `is:inline` directive explicitly to silence this hint.

[7m98[0m     <script type="application/ld+json" set:html={organizationSchema} />
[7m  [0m [93m            ~~~~[0m

[96msrc/pages/[...slug].astro[0m:[93m316[0m:[93m31[0m - [91merror[0m[90m ts(2322): [0mType '{ class: string; }' is not assignable to type 'IntrinsicAttributes & Omit<LucideProps, "ref"> & RefAttributes<SVGSVGElement>'.
  Property 'class' does not exist on type 'IntrinsicAttributes & Omit<LucideProps, "ref"> & RefAttributes<SVGSVGElement>'. Did you mean 'className'?

[7m316[0m                   <ArrowRight class="w-4 h-4" /> {parentPage.title}
[7m   [0m [91m                              ~~~~~[0m
[96msrc/pages/[...slug].astro[0m:[93m310[0m:[93m29[0m - [91merror[0m[90m ts(2322): [0mType '{ class: string; }' is not assignable to type 'IntrinsicAttributes & Omit<LucideProps, "ref"> & RefAttributes<SVGSVGElement>'.
  Property 'class' does not exist on type 'IntrinsicAttributes & Omit<LucideProps, "ref"> & RefAttributes<SVGSVGElement>'. Did you mean 'className'?

[7m310[0m                 <ArrowRight class="w-4 h-4" /> Startseite
[7m   [0m [91m                            ~~~~~[0m
[96msrc/pages/[...slug].astro[0m:[93m229[0m:[93m35[0m - [91merror[0m[90m ts(7006): [0mParameter 'e' implicitly has an 'any' type.

[7m229[0m                         onError={(e) => e.currentTarget.style.display = 'none'}
[7m   [0m [91m                                  ~[0m
[96msrc/pages/[...slug].astro[0m:[93m229[0m:[93m25[0m - [91merror[0m[90m ts(2322): [0mType '{ src: string; alt: string; class: string; onError: (e: any) => string; }' is not assignable to type 'ImgHTMLAttributes'.
  Property 'onError' does not exist on type 'ImgHTMLAttributes'. Did you mean 'onerror'?

[7m229[0m                         onError={(e) => e.currentTarget.style.display = 'none'}
[7m   [0m [91m                        ~~~~~~~[0m
[96msrc/pages/[...slug].astro[0m:[93m104[0m:[93m19[0m - [91merror[0m[90m ts(7006): [0mParameter 'e' implicitly has an 'any' type.

[7m104[0m         onError={(e) => e.currentTarget.src='https://images.unsplash.com/photo-1600607687939-ce8a6c25118c?w=1600&h=900&fit=crop'}
[7m   [0m [91m                  ~[0m
[96msrc/pages/[...slug].astro[0m:[93m104[0m:[93m9[0m - [91merror[0m[90m ts(2322): [0mType '{ src: string; alt: string; class: string; onError: (e: any) => string; }' is not assignable to type 'ImgHTMLAttributes'.
  Property 'onError' does not exist on type 'ImgHTMLAttributes'. Did you mean 'onerror'?

[7m104[0m         onError={(e) => e.currentTarget.src='https://images.unsplash.com/photo-1600607687939-ce8a6c25118c?w=1600&h=900&fit=crop'}
[7m   [0m [91m        ~~~~~~~[0m
[96msrc/pages/[...slug].astro[0m:[93m91[0m:[93m27[0m - [93mwarning[0m[90m astro(4000): [0mThis script will be treated as if it has the `is:inline` directive because it contains an attribute. Therefore, features that require processing (e.g. using TypeScript or npm packages in the script) are unavailable.

See docs for more details: https://docs.astro.build/en/guides/client-side-scripts/#script-processing.

Add the `is:inline` directive explicitly to silence this hint.

[7m91[0m     {faqSchema && <script type="application/ld+json" set:html={faqSchema} />}
[7m  [0m [93m                          ~~~~[0m
[96msrc/pages/[...slug].astro[0m:[93m90[0m:[93m13[0m - [93mwarning[0m[90m astro(4000): [0mThis script will be treated as if it has the `is:inline` directive because it contains an attribute. Therefore, features that require processing (e.g. using TypeScript or npm packages in the script) are unavailable.

See docs for more details: https://docs.astro.build/en/guides/client-side-scripts/#script-processing.

Add the `is:inline` directive explicitly to silence this hint.

[7m90[0m     <script type="application/ld+json" set:html={breadcrumbSchema} />
[7m  [0m [93m            ~~~~[0m

[96msrc/pages/datenschutz.astro[0m:[93m22[0m:[93m21[0m - [91merror[0m[90m ts(2322): [0mType '{ children: any; class: string; }' is not assignable to type 'IntrinsicAttributes & Omit<DetailedHTMLProps<HTMLAttributes<HTMLElement>, HTMLElement>, "ref"> & { ...; } & RefAttributes<...>'.
  Property 'class' does not exist on type 'IntrinsicAttributes & Omit<DetailedHTMLProps<HTMLAttributes<HTMLElement>, HTMLElement>, "ref"> & { ...; } & RefAttributes<...>'. Did you mean 'className'?

[7m22[0m         <Breadcrumb class="mb-8">
[7m  [0m [91m                    ~~~~~[0m

[96msrc/pages/impressum.astro[0m:[93m46[0m:[93m21[0m - [91merror[0m[90m ts(2322): [0mType '{ children: any; class: string; }' is not assignable to type 'IntrinsicAttributes & Omit<DetailedHTMLProps<HTMLAttributes<HTMLElement>, HTMLElement>, "ref"> & { ...; } & RefAttributes<...>'.
  Property 'class' does not exist on type 'IntrinsicAttributes & Omit<DetailedHTMLProps<HTMLAttributes<HTMLElement>, HTMLElement>, "ref"> & { ...; } & RefAttributes<...>'. Did you mean 'className'?

[7m46[0m         <Breadcrumb class="mb-8">
[7m  [0m [91m                    ~~~~~[0m
[96msrc/pages/impressum.astro[0m:[93m40[0m:[93m11[0m - [93mwarning[0m[90m astro(4000): [0mThis script will be treated as if it has the `is:inline` directive because it contains an attribute. Therefore, features that require processing (e.g. using TypeScript or npm packages in the script) are unavailable.

See docs for more details: https://docs.astro.build/en/guides/client-side-scripts/#script-processing.

Add the `is:inline` directive explicitly to silence this hint.

[7m40[0m   <script type="application/ld+json" slot="head" set:html={JSON.stringify(structuredData)} />
[7m  [0m [93m          ~~~~[0m

[96msrc/pages/index.astro[0m:[93m5[0m:[93m1[0m - [93mwarning[0m[90m ts(6133): [0m'Bestsellers' is declared but its value is never read.

[7m5[0m import Bestsellers from "@/components/home/Bestsellers";
[7m [0m [93m~~~~~~~~~~~~~~~~~~~~~~~~~~~~~~~~~~~~~~~~~~~~~~~~~~~~~~~~[0m

Result (101 files): 
- 28 errors
- 0 warnings
- 121 hints

